// Jest Snapshot v1, https://goo.gl/fbAQLP

exports[`renders correctly 1`] = `
<section
  id="filters-container"
>
  <h4
    className="underline"
  >
    Sort By:
  </h4>
  <form
    className=""
    id="filter-list"
  >
    <div
      className="form-check"
    >
      <input
        className="form-check-input"
        defaultChecked={true}
        disabled={false}
        name="filter"
        onClick={[Function]}
        type="radio"
      />
      <label
        className="form-check-label"
        title=""
      >
        None
      </label>
    </div>
    <div
      className="form-check"
    >
      <input
        className="form-check-input"
        disabled={false}
        name="filter"
        onClick={[Function]}
        type="radio"
      />
      <label
        className="form-check-label"
        title=""
      >
        Item
      </label>
    </div>
    <div
      className="form-check"
    >
      <input
        className="form-check-input"
        disabled={false}
        name="filter"
        onClick={[Function]}
        type="radio"
      />
      <label
        className="form-check-label"
        title=""
      >
        Location
      </label>
    </div>
    <div
      className="form-check"
    >
      <input
        className="form-check-input"
        disabled={false}
        name="filter"
        onClick={[Function]}
        type="radio"
      />
      <label
        className="form-check-label"
        title=""
      >
        Batch
      </label>
    </div>
    <div
      className="form-check"
    >
      <input
        className="form-check-input"
        disabled={false}
        name="filter"
        onClick={[Function]}
        type="radio"
      />
      <label
        className="form-check-label"
        title=""
      >
        Quantity
      </label>
    </div>
    <div
      className="form-check"
    >
      <input
        className="form-check-input"
        disabled={false}
        name="filter"
        onClick={[Function]}
        type="radio"
      />
      <label
        className="form-check-label"
        title=""
      >
        Expiry Date
      </label>
    </div>
  </form>
</section>
`;
